12:34:03 **** Auto Build of configuration Debug for project getsourcesapp_2 ****
make all 
Building file: ../src/main.cc
Invoking: ARM v7 Linux g++ compiler
arm-linux-gnueabihf-g++ -Wall -O0 -c -fmessage-length=0 -MT"src/main.o" -MMD -MP -MF"src/main.d" -MT"src/main.o" -o "src/main.o" "../src/main.cc"
Finished building: ../src/main.cc
 
Building target: getsourcesapp_2.elf
Invoking: ARM v7 Linux g++ linker
arm-linux-gnueabihf-g++  -o "getsourcesapp_2.elf"  ./src/display_ctrl.o ./src/display_demo.o ./src/linuxmisc.o ./src/linuxmmap.o ./src/main.o ./src/xaxivdma.o ./src/xaxivdma_channel.o ./src/xaxivdma_g.o ./src/xaxivdma_intr.o ./src/xaxivdma_selftest.o ./src/xaxivdma_sinit.o ./src/xil_assert.o ./src/xil_io.o ./src/xil_printf.o   
Finished building target: getsourcesapp_2.elf
 
Invoking: ARM v7 Linux Print Size
arm-linux-gnueabihf-size getsourcesapp_2.elf  |tee "getsourcesapp_2.elf.size"
   text	   data	    bss	    dec	    hex	filename
  42107	    580	   3240	  45927	   b367	getsourcesapp_2.elf
Finished building: getsourcesapp_2.elf.size
 

12:34:03 Build Finished (took 402ms)

