09:37:05 **** Auto Build of configuration Debug for project getsourcesapp ****
make all 
Building file: ../src/display_ctrl.c
Invoking: ARM v7 Linux gcc compiler
arm-linux-gnueabihf-gcc -Wall -O0 -g3 -c -fmessage-length=0 -MT"src/display_ctrl.o" -MMD -MP -MF"src/display_ctrl.d" -MT"src/display_ctrl.o" -o "src/display_ctrl.o" "../src/display_ctrl.c"
Finished building: ../src/display_ctrl.c
 
Building file: ../src/display_demo.c
Invoking: ARM v7 Linux gcc compiler
arm-linux-gnueabihf-gcc -Wall -O0 -g3 -c -fmessage-length=0 -MT"src/display_demo.o" -MMD -MP -MF"src/display_demo.d" -MT"src/display_demo.o" -o "src/display_demo.o" "../src/display_demo.c"
Finished building: ../src/display_demo.c
 
Building file: ../src/main.c
Invoking: ARM v7 Linux gcc compiler
arm-linux-gnueabihf-gcc -Wall -O0 -g3 -c -fmessage-length=0 -MT"src/main.o" -MMD -MP -MF"src/main.d" -MT"src/main.o" -o "src/main.o" "../src/main.c"
Finished building: ../src/main.c
 
Building file: ../src/xaxivdma.c
Invoking: ARM v7 Linux gcc compiler
arm-linux-gnueabihf-gcc -Wall -O0 -g3 -c -fmessage-length=0 -MT"src/xaxivdma.o" -MMD -MP -MF"src/xaxivdma.d" -MT"src/xaxivdma.o" -o "src/xaxivdma.o" "../src/xaxivdma.c"
Finished building: ../src/xaxivdma.c
 
Building file: ../src/xaxivdma_channel.c
Invoking: ARM v7 Linux gcc compiler
arm-linux-gnueabihf-gcc -Wall -O0 -g3 -c -fmessage-length=0 -MT"src/xaxivdma_channel.o" -MMD -MP -MF"src/xaxivdma_channel.d" -MT"src/xaxivdma_channel.o" -o "src/xaxivdma_channel.o" "../src/xaxivdma_channel.c"
Finished building: ../src/xaxivdma_channel.c
 
Building file: ../src/xaxivdma_g.c
Invoking: ARM v7 Linux gcc compiler
arm-linux-gnueabihf-gcc -Wall -O0 -g3 -c -fmessage-length=0 -MT"src/xaxivdma_g.o" -MMD -MP -MF"src/xaxivdma_g.d" -MT"src/xaxivdma_g.o" -o "src/xaxivdma_g.o" "../src/xaxivdma_g.c"
Finished building: ../src/xaxivdma_g.c
 
Building file: ../src/xaxivdma_intr.c
Invoking: ARM v7 Linux gcc compiler
arm-linux-gnueabihf-gcc -Wall -O0 -g3 -c -fmessage-length=0 -MT"src/xaxivdma_intr.o" -MMD -MP -MF"src/xaxivdma_intr.d" -MT"src/xaxivdma_intr.o" -o "src/xaxivdma_intr.o" "../src/xaxivdma_intr.c"
Finished building: ../src/xaxivdma_intr.c
 
Building file: ../src/xaxivdma_selftest.c
Invoking: ARM v7 Linux gcc compiler
arm-linux-gnueabihf-gcc -Wall -O0 -g3 -c -fmessage-length=0 -MT"src/xaxivdma_selftest.o" -MMD -MP -MF"src/xaxivdma_selftest.d" -MT"src/xaxivdma_selftest.o" -o "src/xaxivdma_selftest.o" "../src/xaxivdma_selftest.c"
Finished building: ../src/xaxivdma_selftest.c
 
Building file: ../src/xaxivdma_sinit.c
Invoking: ARM v7 Linux gcc compiler
arm-linux-gnueabihf-gcc -Wall -O0 -g3 -c -fmessage-length=0 -MT"src/xaxivdma_sinit.o" -MMD -MP -MF"src/xaxivdma_sinit.d" -MT"src/xaxivdma_sinit.o" -o "src/xaxivdma_sinit.o" "../src/xaxivdma_sinit.c"
Finished building: ../src/xaxivdma_sinit.c
 
Building file: ../src/xil_io.c
Invoking: ARM v7 Linux gcc compiler
arm-linux-gnueabihf-gcc -Wall -O0 -g3 -c -fmessage-length=0 -MT"src/xil_io.o" -MMD -MP -MF"src/xil_io.d" -MT"src/xil_io.o" -o "src/xil_io.o" "../src/xil_io.c"
Finished building: ../src/xil_io.c
 
Building file: ../src/xil_printf.c
Invoking: ARM v7 Linux gcc compiler
arm-linux-gnueabihf-gcc -Wall -O0 -g3 -c -fmessage-length=0 -MT"src/xil_printf.o" -MMD -MP -MF"src/xil_printf.d" -MT"src/xil_printf.o" -o "src/xil_printf.o" "../src/xil_printf.c"
../src/xil_printf.c: In function ‘outnum’:
../src/xil_printf.c:96:13: warning: unused variable ‘cp’ [-Wunused-variable]
     charptr cp;
             ^
Finished building: ../src/xil_printf.c
 
Building target: getsourcesapp.elf
Invoking: ARM v7 Linux gcc linker
arm-linux-gnueabihf-gcc  -o "getsourcesapp.elf"  ./src/display_ctrl.o ./src/display_demo.o ./src/main.o ./src/xaxivdma.o ./src/xaxivdma_channel.o ./src/xaxivdma_g.o ./src/xaxivdma_intr.o ./src/xaxivdma_selftest.o ./src/xaxivdma_sinit.o ./src/xil_assert.o ./src/xil_io.o ./src/xil_printf.o   
Finished building target: getsourcesapp.elf
 
Invoking: ARM v7 Linux Print Size
arm-linux-gnueabihf-size getsourcesapp.elf  |tee "getsourcesapp.elf.size"
   text	   data	    bss	    dec	    hex	filename
  33815	    444	24886020	24920279	17c40d7	getsourcesapp.elf
Finished building: getsourcesapp.elf.size
 

09:37:05 Build Finished (took 860ms)

