09:58:13 **** Auto Build of configuration Debug for project getsourcesapp_0 ****
make all 
Building file: ../src/xil_printf.c
Invoking: ARM v7 Linux gcc compiler
arm-linux-gnueabihf-gcc -Wall -O0 -g3 -c -fmessage-length=0 -MT"src/xil_printf.o" -MMD -MP -MF"src/xil_printf.d" -MT"src/xil_printf.o" -o "src/xil_printf.o" "../src/xil_printf.c"
../src/xil_printf.c: In function ‘outnum’:
../src/xil_printf.c:96:13: warning: unused variable ‘cp’ [-Wunused-variable]
     charptr cp;
             ^
Finished building: ../src/xil_printf.c
 
Building target: getsourcesapp_0.elf
Invoking: ARM v7 Linux gcc linker
arm-linux-gnueabihf-gcc  -o "getsourcesapp_0.elf"  ./src/display_ctrl.o ./src/display_demo.o ./src/main.o ./src/xaxivdma.o ./src/xaxivdma_channel.o ./src/xaxivdma_g.o ./src/xaxivdma_intr.o ./src/xaxivdma_selftest.o ./src/xaxivdma_sinit.o ./src/xil_assert.o ./src/xil_io.o ./src/xil_printf.o   
Finished building target: getsourcesapp_0.elf
 
Invoking: ARM v7 Linux Print Size
arm-linux-gnueabihf-size getsourcesapp_0.elf  |tee "getsourcesapp_0.elf.size"
   text	   data	    bss	    dec	    hex	filename
  33827	    444	24886020	24920291	17c40e3	getsourcesapp_0.elf
Finished building: getsourcesapp_0.elf.size
 

09:58:13 Build Finished (took 239ms)

