12:39:09 **** Auto Build of configuration Debug for project getsourcesapp_1 ****
make all 
Building file: ../src/main.cc
Invoking: ARM v7 Linux g++ compiler
arm-linux-gnueabihf-g++ -Wall -O0 -c -fmessage-length=0 -MT"src/main.o" -MMD -MP -MF"src/main.d" -MT"src/main.o" -o "src/main.o" "../src/main.cc"
Finished building: ../src/main.cc
 
Building target: getsourcesapp_1.elf
Invoking: ARM v7 Linux g++ linker
arm-linux-gnueabihf-g++  -o "getsourcesapp_1.elf"  ./src/display_ctrl.o ./src/display_demo.o ./src/linuxmmap.o ./src/main.o ./src/xaxivdma.o ./src/xaxivdma_channel.o ./src/xaxivdma_g.o ./src/xaxivdma_intr.o ./src/xaxivdma_selftest.o ./src/xaxivdma_sinit.o ./src/xil_assert.o ./src/xil_io.o ./src/xil_printf.o   
Finished building target: getsourcesapp_1.elf
 
Invoking: ARM v7 Linux Print Size
arm-linux-gnueabihf-size getsourcesapp_1.elf  |tee "getsourcesapp_1.elf.size"
   text	   data	    bss	    dec	    hex	filename
  39273	    572	   3240	  43085	   a84d	getsourcesapp_1.elf
Finished building: getsourcesapp_1.elf.size
 

12:39:09 Build Finished (took 350ms)

