12:41:29 **** Build of configuration Debug for project my_example_linux_0 ****
make all 
Building file: ../src/display_ctrl.c
Invoking: ARM v7 Linux g++ compiler
arm-linux-gnueabihf-g++ -Wall -O0 -c -fmessage-length=0 -MT"src/display_ctrl.o" -MMD -MP -MF"src/display_ctrl.d" -MT"src/display_ctrl.o" -o "src/display_ctrl.o" "../src/display_ctrl.c"
Finished building: ../src/display_ctrl.c
 
Building file: ../src/display_demo.c
Invoking: ARM v7 Linux g++ compiler
arm-linux-gnueabihf-g++ -Wall -O0 -c -fmessage-length=0 -MT"src/display_demo.o" -MMD -MP -MF"src/display_demo.d" -MT"src/display_demo.o" -o "src/display_demo.o" "../src/display_demo.c"
Finished building: ../src/display_demo.c
 
Building file: ../src/linuxmisc.cpp
Invoking: ARM v7 Linux g++ compiler
arm-linux-gnueabihf-g++ -Wall -O0 -c -fmessage-length=0 -MT"src/linuxmisc.o" -MMD -MP -MF"src/linuxmisc.d" -MT"src/linuxmisc.o" -o "src/linuxmisc.o" "../src/linuxmisc.cpp"
Finished building: ../src/linuxmisc.cpp
 
Building file: ../src/linuxmmap.cpp
Invoking: ARM v7 Linux g++ compiler
arm-linux-gnueabihf-g++ -Wall -O0 -c -fmessage-length=0 -MT"src/linuxmmap.o" -MMD -MP -MF"src/linuxmmap.d" -MT"src/linuxmmap.o" -o "src/linuxmmap.o" "../src/linuxmmap.cpp"
Finished building: ../src/linuxmmap.cpp
 
Building file: ../src/main.cc
Invoking: ARM v7 Linux g++ compiler
arm-linux-gnueabihf-g++ -Wall -O0 -c -fmessage-length=0 -MT"src/main.o" -MMD -MP -MF"src/main.d" -MT"src/main.o" -o "src/main.o" "../src/main.cc"
Finished building: ../src/main.cc
 
Building file: ../src/xaxivdma.c
Invoking: ARM v7 Linux g++ compiler
arm-linux-gnueabihf-g++ -Wall -O0 -c -fmessage-length=0 -MT"src/xaxivdma.o" -MMD -MP -MF"src/xaxivdma.d" -MT"src/xaxivdma.o" -o "src/xaxivdma.o" "../src/xaxivdma.c"
Finished building: ../src/xaxivdma.c
 
Building file: ../src/xaxivdma_channel.c
Invoking: ARM v7 Linux g++ compiler
arm-linux-gnueabihf-g++ -Wall -O0 -c -fmessage-length=0 -MT"src/xaxivdma_channel.o" -MMD -MP -MF"src/xaxivdma_channel.d" -MT"src/xaxivdma_channel.o" -o "src/xaxivdma_channel.o" "../src/xaxivdma_channel.c"
Finished building: ../src/xaxivdma_channel.c
 
Building file: ../src/xaxivdma_g.c
Invoking: ARM v7 Linux g++ compiler
arm-linux-gnueabihf-g++ -Wall -O0 -c -fmessage-length=0 -MT"src/xaxivdma_g.o" -MMD -MP -MF"src/xaxivdma_g.d" -MT"src/xaxivdma_g.o" -o "src/xaxivdma_g.o" "../src/xaxivdma_g.c"
Finished building: ../src/xaxivdma_g.c
 
Building file: ../src/xaxivdma_intr.c
Invoking: ARM v7 Linux g++ compiler
arm-linux-gnueabihf-g++ -Wall -O0 -c -fmessage-length=0 -MT"src/xaxivdma_intr.o" -MMD -MP -MF"src/xaxivdma_intr.d" -MT"src/xaxivdma_intr.o" -o "src/xaxivdma_intr.o" "../src/xaxivdma_intr.c"
Finished building: ../src/xaxivdma_intr.c
 
Building file: ../src/xaxivdma_selftest.c
Invoking: ARM v7 Linux g++ compiler
arm-linux-gnueabihf-g++ -Wall -O0 -c -fmessage-length=0 -MT"src/xaxivdma_selftest.o" -MMD -MP -MF"src/xaxivdma_selftest.d" -MT"src/xaxivdma_selftest.o" -o "src/xaxivdma_selftest.o" "../src/xaxivdma_selftest.c"
Finished building: ../src/xaxivdma_selftest.c
 
Building file: ../src/xaxivdma_sinit.c
Invoking: ARM v7 Linux g++ compiler
arm-linux-gnueabihf-g++ -Wall -O0 -c -fmessage-length=0 -MT"src/xaxivdma_sinit.o" -MMD -MP -MF"src/xaxivdma_sinit.d" -MT"src/xaxivdma_sinit.o" -o "src/xaxivdma_sinit.o" "../src/xaxivdma_sinit.c"
Finished building: ../src/xaxivdma_sinit.c
 
Building file: ../src/xil_assert.c
Invoking: ARM v7 Linux g++ compiler
arm-linux-gnueabihf-g++ -Wall -O0 -c -fmessage-length=0 -MT"src/xil_assert.o" -MMD -MP -MF"src/xil_assert.d" -MT"src/xil_assert.o" -o "src/xil_assert.o" "../src/xil_assert.c"
../src/xil_assert.c: In function ‘void XNullHandler(void*)’:
../src/xil_assert.c:145:24: warning: statement has no effect [-Wunused-value]
  (void *) NullParameter;
                        ^
Finished building: ../src/xil_assert.c
 
Building file: ../src/xil_io.c
Invoking: ARM v7 Linux g++ compiler
arm-linux-gnueabihf-g++ -Wall -O0 -c -fmessage-length=0 -MT"src/xil_io.o" -MMD -MP -MF"src/xil_io.d" -MT"src/xil_io.o" -o "src/xil_io.o" "../src/xil_io.c"
Finished building: ../src/xil_io.c
 
Building file: ../src/xil_printf.c
Invoking: ARM v7 Linux g++ compiler
arm-linux-gnueabihf-g++ -Wall -O0 -c -fmessage-length=0 -MT"src/xil_printf.o" -MMD -MP -MF"src/xil_printf.d" -MT"src/xil_printf.o" -o "src/xil_printf.o" "../src/xil_printf.c"
../src/xil_printf.c: In function ‘void outnum(s32, s32, params_s*)’:
../src/xil_printf.c:96:13: warning: unused variable ‘cp’ [-Wunused-variable]
     charptr cp;
             ^
Finished building: ../src/xil_printf.c
 
Building target: my_example_linux_0.elf
Invoking: ARM v7 Linux g++ linker
arm-linux-gnueabihf-g++  -o "my_example_linux_0.elf"  ./src/display_ctrl.o ./src/display_demo.o ./src/linuxmisc.o ./src/linuxmmap.o ./src/main.o ./src/xaxivdma.o ./src/xaxivdma_channel.o ./src/xaxivdma_g.o ./src/xaxivdma_intr.o ./src/xaxivdma_selftest.o ./src/xaxivdma_sinit.o ./src/xil_assert.o ./src/xil_io.o ./src/xil_printf.o   
Finished building target: my_example_linux_0.elf
 
Invoking: ARM v7 Linux Print Size
arm-linux-gnueabihf-size my_example_linux_0.elf  |tee "my_example_linux_0.elf.size"
   text	   data	    bss	    dec	    hex	filename
  42107	    580	   3240	  45927	   b367	my_example_linux_0.elf
Finished building: my_example_linux_0.elf.size
 

12:41:30 Build Finished (took 1s.250ms)

